// Jest Snapshot v1, https://goo.gl/fbAQLP

exports[`Resize component should render Resize component 1`] = `
<div>
  0
</div>
`;
